// Jest Snapshot v1, https://goo.gl/fbAQLP

exports[`ExitScreen should render ExitScreen 1`] = `
<View
  style={
    {
      "alignItems": "center",
      "flexBasis": 0,
      "flexGrow": 1,
      "flexShrink": 1,
      "justifyContent": "center",
      "marginBottom": 10,
      "marginLeft": 10,
      "marginRight": 10,
      "marginTop": 10,
    }
  }
>
  <Text
    testID="text"
  >
    We have encountered an error while fetching weather details. Please try again after some time.
  </Text>
</View>
`;
