// Jest Snapshot v1, https://goo.gl/fbAQLP

exports[`Loader should render Loader 1`] = `
<View
  style={
    {
      "alignItems": "center",
      "height": "100%",
      "justifyContent": "center",
      "width": "100%",
    }
  }
>
  <View
    collapsable={false}
    style={
      {
        "transform": [
          {
            "rotate": "0deg",
          },
        ],
      }
    }
  >
    <View />
  </View>
</View>
`;
