// Jest Snapshot v1, https://goo.gl/fbAQLP

exports[`WeatherDetailsSection should render WeatherDetailsSection 1`] = `
<View
  style={
    {
      "alignItems": "center",
      "height": "60%",
      "justifyContent": "space-between",
      "paddingBottom": 15,
      "paddingLeft": 0,
      "paddingRight": 0,
      "paddingTop": 15,
    }
  }
>
  <View
    style={
      {
        "alignItems": "center",
      }
    }
  >
    <Text
      style={
        {
          "color": "white",
          "fontSize": 30,
          "fontWeight": "bold",
        }
      }
    >
      Manhatten
    </Text>
    <Text
      style={
        {
          "color": "white",
          "fontSize": 15,
        }
      }
    >
      New York
      , 
      United States of America
    </Text>
  </View>
  <Image
    height={100}
    source={
      {
        "testUri": "../../../assets/images/sun.png",
      }
    }
    style={
      {
        "height": 100,
        "width": 100,
      }
    }
    testID="image"
    width={100}
  />
  <View
    style={
      {
        "alignItems": "center",
      }
    }
  >
    <Text
      style={
        {
          "color": "white",
          "fontSize": 30,
          "fontWeight": "bold",
        }
      }
    >
      27.8
      Â°
      C
    </Text>
    <Text
      size={22}
      style={
        {
          "color": "white",
          "fontSize": 22,
          "marginLeft": 0,
        }
      }
    >
      Sunny
    </Text>
  </View>
  <View
    style={
      {
        "flexDirection": "row",
        "justifyContent": "space-between",
      }
    }
  >
    <View
      style={
        {
          "flexDirection": "row",
          "paddingBottom": 10,
          "paddingLeft": 15,
          "paddingRight": 15,
          "paddingTop": 10,
        }
      }
    >
      <Image
        source={
          {
            "testUri": "../../../assets/icons/wind.png",
          }
        }
        style={
          {
            "height": 25,
            "width": 25,
          }
        }
        testID="icon"
        tintColor="white"
      />
      <Text
        marginLeft={5}
        size={18}
        style={
          {
            "color": "white",
            "fontSize": 18,
            "marginLeft": 5,
          }
        }
      >
        3.6
         km
      </Text>
    </View>
    <View
      style={
        {
          "flexDirection": "row",
          "paddingBottom": 10,
          "paddingLeft": 15,
          "paddingRight": 15,
          "paddingTop": 10,
        }
      }
    >
      <Image
        source={
          {
            "testUri": "../../../assets/icons/humidity.png",
          }
        }
        style={
          {
            "height": 25,
            "width": 25,
          }
        }
        testID="icon"
        tintColor="white"
      />
      <Text
        marginLeft={5}
        size={18}
        style={
          {
            "color": "white",
            "fontSize": 18,
            "marginLeft": 5,
          }
        }
      >
        51
        %
      </Text>
    </View>
    <View
      style={
        {
          "flexDirection": "row",
          "paddingBottom": 10,
          "paddingLeft": 15,
          "paddingRight": 15,
          "paddingTop": 10,
        }
      }
    >
      <Image
        source={
          {
            "testUri": "../../../assets/icons/sun.png",
          }
        }
        style={
          {
            "height": 25,
            "width": 25,
          }
        }
        testID="icon"
        tintColor="white"
      />
      <Text
        marginLeft={5}
        size={18}
        style={
          {
            "color": "white",
            "fontSize": 18,
            "marginLeft": 5,
          }
        }
      >
        6
         UV
      </Text>
    </View>
  </View>
</View>
`;
