// Jest Snapshot v1, https://goo.gl/fbAQLP

exports[`ContentLoaderScreen should render ContentLoaderScreen 1`] = `
<View>
  Loader
</View>
`;
