// Jest Snapshot v1, https://goo.gl/fbAQLP

exports[`HourlySummary should render HourlySummary 1`] = `
<View
  style={
    {
      "alignItems": "center",
      "flexDirection": "column",
      "height": 60,
      "justifyContent": "space-between",
      "maxWidth": 60,
      "paddingBottom": 0,
      "paddingLeft": 10,
      "paddingRight": 10,
      "paddingTop": 0,
    }
  }
>
  <Text
    size={10}
    style={
      {
        "color": "white",
        "fontSize": 10,
        "marginLeft": 0,
      }
    }
  >
    11 PM
  </Text>
  <Image
    height={25}
    source={11}
    style={
      {
        "height": 25,
        "width": 25,
      }
    }
    testID="image"
    width={25}
  />
  <Text
    size={10}
    style={
      {
        "color": "white",
        "fontSize": 10,
        "marginLeft": 0,
      }
    }
  >
    23.3
    Â°
    C
  </Text>
</View>
`;
