// Jest Snapshot v1, https://goo.gl/fbAQLP

exports[`PermissionsScreen should render PermissionsScreen 1`] = `null`;
