// Jest Snapshot v1, https://goo.gl/fbAQLP

exports[`DailySummary should render DailySummary 1`] = `
[
  <View
    style={
      {
        "borderColor": "grey",
        "borderStyle": "solid",
        "borderWidth": 0.5,
        "marginTop": 5,
        "width": "100%",
      }
    }
  />,
  <View
    style={
      {
        "alignItems": "center",
        "flexDirection": "row",
        "height": 35,
        "justifyContent": "space-between",
        "paddingBottom": 6,
        "paddingLeft": 10,
        "paddingRight": 10,
        "paddingTop": 6,
      }
    }
  >
    <Text
      style={
        {
          "color": "white",
          "fontSize": 12,
          "marginLeft": 0,
        }
      }
    >
      2023-08-27
    </Text>
    <View>
      <Image
        height={20}
        source={10}
        style={
          {
            "height": 20,
            "width": 20,
          }
        }
        testID="image"
        width={20}
      />
    </View>
    <Text
      style={
        {
          "color": "white",
          "fontSize": 12,
          "marginLeft": 0,
        }
      }
    >
      20.2
      °
      C
    </Text>
    <Text
      style={
        {
          "color": "white",
          "fontSize": 12,
          "marginLeft": 0,
        }
      }
    >
      25.6
      °
      C
    </Text>
  </View>,
]
`;
