// Jest Snapshot v1, https://goo.gl/fbAQLP

exports[`App should render the app 1`] = `
<View>
  <View>
    Global Events
  </View>
  <View>
     Navigation service
  </View>
</View>
`;
