// Jest Snapshot v1, https://goo.gl/fbAQLP

exports[`WeatherCard should render WeatherCard 1`] = `
<View
  style={
    {
      "alignItems": "center",
      "backgroundColor": "rgba(255,255,255, 0.2)",
      "borderBottomLeftRadius": 5,
      "borderBottomRightRadius": 5,
      "borderTopLeftRadius": 5,
      "borderTopRightRadius": 5,
      "height": 150,
      "justifyContent": "space-between",
      "marginRight": 10,
      "paddingBottom": 10,
      "paddingLeft": 10,
      "paddingRight": 10,
      "paddingTop": 10,
      "width": 100,
    }
  }
>
  <Text
    size={14}
    style={
      {
        "color": "white",
        "fontSize": 14,
        "marginLeft": 0,
      }
    }
  >
    12 AM
  </Text>
  <Image
    height={40}
    source={10}
    style={
      {
        "height": 40,
        "width": 40,
      }
    }
    testID="image"
    width={40}
  />
  <Text
    size={14}
    style={
      {
        "color": "white",
        "fontSize": 14,
        "marginLeft": 0,
      }
    }
  >
    Clear
  </Text>
  <Text
    size={12}
    style={
      {
        "color": "white",
        "fontSize": 12,
        "marginLeft": 0,
      }
    }
  >
    24.9
    Â°
    C
  </Text>
</View>
`;
