// Jest Snapshot v1, https://goo.gl/fbAQLP

exports[`VisualElements should render Theme 1`] = `"rgba(255,255,255, [object Object])"`;
