// Jest Snapshot v1, https://goo.gl/fbAQLP

exports[`SearchCitySection should render SearchCitySection 1`] = `<View />`;
